*** EVALUATION ***
PROGRAM "TPFinal.abs"

*********************************************************************************************
TARGET SECTION
---------------------------------------------------------------------------------------------
Processor   : Freescale HC08
Memory Model: SMALL
File Format : ELF\DWARF 2.0
Linker      : SmartLinker V-5.0.51 Build 14019, Jan 20 2014

*********************************************************************************************
FILE SECTION
---------------------------------------------------------------------------------------------
SCI_c.obj                               Model: SMALL,         Lang: ANSI-C
keyboard_c.obj                          Model: SMALL,         Lang: ANSI-C
main_c.obj                              Model: SMALL,         Lang: ANSI-C
start08_c.obj                           Model: SMALL,         Lang: ANSI-C
mc9s08sh8_c.obj                         Model: SMALL,         Lang: ANSI-C

*********************************************************************************************
STARTUP SECTION
---------------------------------------------------------------------------------------------
Entry point: 0xE07B (_Startup)
_startupData is allocated at 0xE084 and uses 6 Bytes
extern struct _tagStartup {
  unsigned nofZeroOut     1
  _Range   pZeroOut       0x100     17
  _Copy    *toCopyDownBeg 0xE644
} _startupData;

*********************************************************************************************
SECTION-ALLOCATION SECTION
Section Name                    Size  Type     From       To       Segment
---------------------------------------------------------------------------------------------
.data                              7   R/W      0x100      0x106   RAM
.init                            132     R     0xE000     0xE083   ROM
.startData                        14     R     0xE084     0xE091   ROM
.rodata                           17     R     0xE092     0xE0A2   ROM
.rodata1                         371     R     0xE0A3     0xE215   ROM
.text                           1070     R     0xE216     0xE643   ROM
.copy                             13     R     0xE644     0xE650   ROM
.abs_section_ffda                  2     R     0xFFDA     0xFFDB   .absSeg0
.abs_section_ffdc                  2     R     0xFFDC     0xFFDD   .absSeg1
.abs_section_ffd6                  2     R     0xFFD6     0xFFD7   .absSeg2
.abs_section_ffca                  2     R     0xFFCA     0xFFCB   .absSeg3
.abs_section_0                     1   N/I        0x0        0x0   .absSeg4
.abs_section_1                     1   N/I        0x1        0x1   .absSeg5
.abs_section_2                     1   N/I        0x2        0x2   .absSeg6
.abs_section_3                     1   N/I        0x3        0x3   .absSeg7
.abs_section_4                     1   N/I        0x4        0x4   .absSeg8
.abs_section_5                     1   N/I        0x5        0x5   .absSeg9
.abs_section_e                     1   N/I        0xE        0xE   .absSeg10
.abs_section_10                    1   N/I       0x10       0x10   .absSeg11
.abs_section_11                    1   N/I       0x11       0x11   .absSeg12
.abs_section_16                    1   N/I       0x16       0x16   .absSeg13
.abs_section_17                    1   N/I       0x17       0x17   .absSeg14
.abs_section_18                    1   N/I       0x18       0x18   .absSeg15
.abs_section_1a                    1   N/I       0x1A       0x1A   .absSeg16
.abs_section_1c                    1   N/I       0x1C       0x1C   .absSeg17
.abs_section_1d                    1   N/I       0x1D       0x1D   .absSeg18
.abs_section_1e                    1   N/I       0x1E       0x1E   .absSeg19
.abs_section_1f                    1   N/I       0x1F       0x1F   .absSeg20
.abs_section_20                    1   N/I       0x20       0x20   .absSeg21
.abs_section_25                    1   N/I       0x25       0x25   .absSeg22
.abs_section_28                    1   N/I       0x28       0x28   .absSeg23
.abs_section_3a                    1   N/I       0x3A       0x3A   .absSeg24
.abs_section_3b                    1   N/I       0x3B       0x3B   .absSeg25
.abs_section_3c                    1   N/I       0x3C       0x3C   .absSeg26
.abs_section_3d                    1   N/I       0x3D       0x3D   .absSeg27
.abs_section_3e                    1   N/I       0x3E       0x3E   .absSeg28
.abs_section_3f                    1   N/I       0x3F       0x3F   .absSeg29
.abs_section_48                    1   N/I       0x48       0x48   .absSeg30
.abs_section_49                    1   N/I       0x49       0x49   .absSeg31
.abs_section_4a                    1   N/I       0x4A       0x4A   .absSeg32
.abs_section_4b                    1   N/I       0x4B       0x4B   .absSeg33
.abs_section_50                    1   N/I       0x50       0x50   .absSeg34
.abs_section_51                    1   N/I       0x51       0x51   .absSeg35
.abs_section_52                    1   N/I       0x52       0x52   .absSeg36
.abs_section_53                    1   N/I       0x53       0x53   .absSeg37
.abs_section_55                    1   N/I       0x55       0x55   .absSeg38
.abs_section_58                    1   N/I       0x58       0x58   .absSeg39
.abs_section_59                    1   N/I       0x59       0x59   .absSeg40
.abs_section_5a                    1   N/I       0x5A       0x5A   .absSeg41
.abs_section_5b                    1   N/I       0x5B       0x5B   .absSeg42
.abs_section_5c                    1   N/I       0x5C       0x5C   .absSeg43
.abs_section_5d                    1   N/I       0x5D       0x5D   .absSeg44
.abs_section_60                    1   N/I       0x60       0x60   .absSeg45
.abs_section_65                    1   N/I       0x65       0x65   .absSeg46
.abs_section_68                    1   N/I       0x68       0x68   .absSeg47
.abs_section_6c                    1   N/I       0x6C       0x6C   .absSeg48
.abs_section_6d                    1   N/I       0x6D       0x6D   .absSeg49
.abs_section_6e                    1   N/I       0x6E       0x6E   .absSeg50
.abs_section_1800                  1   N/I     0x1800     0x1800   .absSeg51
.abs_section_1801                  1   N/I     0x1801     0x1801   .absSeg52
.abs_section_1802                  1   N/I     0x1802     0x1802   .absSeg53
.abs_section_1803                  1   N/I     0x1803     0x1803   .absSeg54
.abs_section_1809                  1   N/I     0x1809     0x1809   .absSeg55
.abs_section_180a                  1   N/I     0x180A     0x180A   .absSeg56
.abs_section_1816                  1   N/I     0x1816     0x1816   .absSeg57
.abs_section_1817                  1   N/I     0x1817     0x1817   .absSeg58
.abs_section_1818                  1   N/I     0x1818     0x1818   .absSeg59
.abs_section_1820                  1   N/I     0x1820     0x1820   .absSeg60
.abs_section_1821                  1   N/I     0x1821     0x1821   .absSeg61
.abs_section_1823                  1   N/I     0x1823     0x1823   .absSeg62
.abs_section_1824                  1   N/I     0x1824     0x1824   .absSeg63
.abs_section_1825                  1   N/I     0x1825     0x1825   .absSeg64
.abs_section_1826                  1   N/I     0x1826     0x1826   .absSeg65
.abs_section_1840                  1   N/I     0x1840     0x1840   .absSeg66
.abs_section_1841                  1   N/I     0x1841     0x1841   .absSeg67
.abs_section_1842                  1   N/I     0x1842     0x1842   .absSeg68
.abs_section_1844                  1   N/I     0x1844     0x1844   .absSeg69
.abs_section_1845                  1   N/I     0x1845     0x1845   .absSeg70
.abs_section_1846                  1   N/I     0x1846     0x1846   .absSeg71
.abs_section_1848                  1   N/I     0x1848     0x1848   .absSeg72
.abs_section_1849                  1   N/I     0x1849     0x1849   .absSeg73
.abs_section_184a                  1   N/I     0x184A     0x184A   .absSeg74
.abs_section_184c                  1   N/I     0x184C     0x184C   .absSeg75
.abs_section_184d                  1   N/I     0x184D     0x184D   .absSeg76
.abs_section_184e                  1   N/I     0x184E     0x184E   .absSeg77
.abs_section_1850                  1   N/I     0x1850     0x1850   .absSeg78
.abs_section_1851                  1   N/I     0x1851     0x1851   .absSeg79
.abs_section_1852                  1   N/I     0x1852     0x1852   .absSeg80
.abs_section_1853                  1   N/I     0x1853     0x1853   .absSeg81
.abs_section_12                    2   N/I       0x12       0x13   .absSeg82
.abs_section_14                    2   N/I       0x14       0x15   .absSeg83
.abs_section_21                    2   N/I       0x21       0x22   .absSeg84
.abs_section_23                    2   N/I       0x23       0x24   .absSeg85
.abs_section_26                    2   N/I       0x26       0x27   .absSeg86
.abs_section_29                    2   N/I       0x29       0x2A   .absSeg87
.abs_section_38                    2   N/I       0x38       0x39   .absSeg88
.abs_section_61                    2   N/I       0x61       0x62   .absSeg89
.abs_section_63                    2   N/I       0x63       0x64   .absSeg90
.abs_section_66                    2   N/I       0x66       0x67   .absSeg91
.abs_section_69                    2   N/I       0x69       0x6A   .absSeg92
.abs_section_1806                  2   N/I     0x1806     0x1807   .absSeg93
.abs_section_1810                  2   N/I     0x1810     0x1811   .absSeg94
.abs_section_1812                  2   N/I     0x1812     0x1813   .absSeg95
.abs_section_1814                  2   N/I     0x1814     0x1815   .absSeg96
.bss                               6   R/W      0x107      0x10C   RAM
.common                            4   R/W      0x10D      0x110   RAM
.stack                            64   R/W      0x111      0x150   RAM
.vectSeg97_vect                    2     R     0xFFFE     0xFFFF   .vectSeg97

Summary of section sizes per section type:
READ_ONLY (R):         65B (dec:     1627)
READ_WRITE (R/W):       51 (dec:       81)
NO_INIT (N/I):          6C (dec:      108)

*********************************************************************************************
VECTOR-ALLOCATION SECTION
    Address     InitValue   InitFunction
---------------------------------------------------------------------------------------------
     0xFFFE        0xE07B   _Startup

*********************************************************************************************
OBJECT-ALLOCATION SECTION
     Name               Module                 Addr   hSize   dSize     Ref    Section   RLIB
---------------------------------------------------------------------------------------------
MODULE:                 -- SCI_c.obj --
- PROCEDURES:
     InitSCI                                   E216       F      15       1   .text       
     PutSCI                                    E225      30      48       3   .text       
     SCI_TXisr                                 E255      20      32       1   .text       
     SCI_RXisr                                 E275       A      10       1   .text       
- VARIABLES:
     _Vector_18                                FFDA       2       2       0   .abs_section_ffda
     _Vector_17                                FFDC       2       2       0   .abs_section_ffdc
     buffer_tx                                  10D       2       2       3   .common     
     cant_tx                                    10F       1       1       4   .common     
     rx_byte                                    110       1       1       1   .common     
MODULE:                 -- keyboard_c.obj --
- PROCEDURES:
     GetKEY                                    E27F      FF     255       6   .text       
     PushKEY                                   E37E       6       6       1   .text       
     TicKEY                                    E384       A      10       1   .text       
- VARIABLES:
     keyb_map                                  E092       C      12       1   .rodata     
     key_press                                  100       1       1       7   .data       
     keyb_fila                                  101       1       1       7   .data       
     keyb_col                                   102       1       1       6   .data       
     keyb_status.1                              107       1       1       2   .bss        
     keyb_delay                                 108       1       1       6   .bss        
     keyb_press                                 109       1       1       3   .bss        
MODULE:                 -- main_c.obj --
- PROCEDURES:
     Init_Ports                                E38E      31      49       1   .text       
     InitTimer                                 E3BF      11      17       1   .text       
     PortaIsr                                  E3D0       D      13       1   .text       
     MTIMISR                                   E3DD      14      20       1   .text       
     Motor_run                                 E3F1      13      19       3   .text       
     Motor_stop                                E404       5       5       3   .text       
     main                                      E409     23B     571      22   .text       
- VARIABLES:
     codigo                                    E09E       5       5       1   .rodata     
     STRING.Abriendo.el.porton...2             E0A3      15      21       1   .rodata1    
     STRING.El.porton.esta.abier.3             E0B8      24      36       1   .rodata1    
     STRING.Porton.cerrado..ingr.4             E0DC      24      36       1   .rodata1    
     STRING.Porton.Abierto..espe.5             E100      1F      31       1   .rodata1    
     STRING.El.porton.se.cerrara.6             E11F      22      34       1   .rodata1    
     STRING.El.porton.se.cerrara.7             E141      22      34       1   .rodata1    
     STRING.El.porton.se.cerrara.8             E163      22      34       1   .rodata1    
     STRING.Cerrando...9                       E185       B      11       1   .rodata1    
     STRING.Porton.cerrado..ingr.10            E190      24      36       1   .rodata1    
     STRING...11                               E1B4       2       2       1   .rodata1    
     STRING...12                               E1B6       2       2       1   .rodata1    
     STRING...13                               E1B8       2       2       1   .rodata1    
     STRING.....14                             E1BA       4       4       1   .rodata1    
     STRING.Password.incorrecto..15            E1BE      16      22       1   .rodata1    
     STRING.Reingrese.el.Passwor.16            E1D4      19      25       1   .rodata1    
     STRING.Password.correcto...17             E1ED      14      20       1   .rodata1    
     STRING.Abriendo.el.porton...18            E201      15      21       1   .rodata1    
     cerrando                                   103       1       1       4   .data       
     tout                                       104       2       2       4   .data       
     sucess                                     106       1       1       4   .data       
     PWRD_OK                                    10A       2       2       4   .bss        
     abriendo                                   10C       1       1       3   .bss        
     _Vector_20                                FFD6       2       2       0   .abs_section_ffd6
     _Vector_26                                FFCA       2       2       0   .abs_section_ffca
MODULE:                 -- start08_c.obj --
- PROCEDURES:
     loadByte                                  E000       E      14       5   .init       
     Init                                      E00E      6D     109       1   .init       
     _Startup                                  E07B       9       9       0   .init       
- VARIABLES:
     _startupData                              E084       6       6       4   .startData  
- LABELS:
     __SEG_END_SSTACK                           151       0       0       1               
MODULE:                 -- mc9s08sh8_c.obj --
- PROCEDURES:
- VARIABLES:
     _PTAD                                        0       1       1      10   .abs_section_0
     _PTADD                                       1       1       1       2   .abs_section_1
     _PTBD                                        2       1       1      13   .abs_section_2
     _PTBDD                                       3       1       1       3   .abs_section_3
     _PTCD                                        4       1       1       2   .abs_section_4
     _PTCDD                                       5       1       1       1   .abs_section_5
     _ACMPSC                                      E       1       1       0   .abs_section_e
     _ADCSC1                                     10       1       1       0   .abs_section_10
     _ADCSC2                                     11       1       1       0   .abs_section_11
     _ADCCFG                                     16       1       1       0   .abs_section_16
     _APCTL1                                     17       1       1       0   .abs_section_17
     _APCTL2                                     18       1       1       0   .abs_section_18
     _IRQSC                                      1A       1       1       0   .abs_section_1a
     _MTIMSC                                     1C       1       1      10   .abs_section_1c
     _MTIMCLK                                    1D       1       1       1   .abs_section_1d
     _MTIMCNT                                    1E       1       1       0   .abs_section_1e
     _MTIMMOD                                    1F       1       1       1   .abs_section_1f
     _TPM1SC                                     20       1       1       0   .abs_section_20
     _TPM1C0SC                                   25       1       1       0   .abs_section_25
     _TPM1C1SC                                   28       1       1       0   .abs_section_28
     _SCIC1                                      3A       1       1       1   .abs_section_3a
     _SCIC2                                      3B       1       1       5   .abs_section_3b
     _SCIS1                                      3C       1       1       2   .abs_section_3c
     _SCIS2                                      3D       1       1       0   .abs_section_3d
     _SCIC3                                      3E       1       1       1   .abs_section_3e
     _SCID                                       3F       1       1       2   .abs_section_3f
     _ICSC1                                      48       1       1       0   .abs_section_48
     _ICSC2                                      49       1       1       0   .abs_section_49
     _ICSTRM                                     4A       1       1       0   .abs_section_4a
     _ICSSC                                      4B       1       1       0   .abs_section_4b
     _SPIC1                                      50       1       1       0   .abs_section_50
     _SPIC2                                      51       1       1       0   .abs_section_51
     _SPIBR                                      52       1       1       0   .abs_section_52
     _SPIS                                       53       1       1       0   .abs_section_53
     _SPID                                       55       1       1       0   .abs_section_55
     _IICA                                       58       1       1       0   .abs_section_58
     _IICF                                       59       1       1       0   .abs_section_59
     _IICC1                                      5A       1       1       0   .abs_section_5a
     _IICS                                       5B       1       1       0   .abs_section_5b
     _IICD                                       5C       1       1       0   .abs_section_5c
     _IICC2                                      5D       1       1       0   .abs_section_5d
     _TPM2SC                                     60       1       1       0   .abs_section_60
     _TPM2C0SC                                   65       1       1       0   .abs_section_65
     _TPM2C1SC                                   68       1       1       0   .abs_section_68
     _RTCSC                                      6C       1       1       0   .abs_section_6c
     _RTCCNT                                     6D       1       1       0   .abs_section_6d
     _RTCMOD                                     6E       1       1       0   .abs_section_6e
     _SRS                                      1800       1       1       1   .abs_section_1800
     _SBDFR                                    1801       1       1       0   .abs_section_1801
     _SOPT1                                    1802       1       1       0   .abs_section_1802
     _SOPT2                                    1803       1       1       0   .abs_section_1803
     _SPMSC1                                   1809       1       1       0   .abs_section_1809
     _SPMSC2                                   180A       1       1       0   .abs_section_180a
     _DBGC                                     1816       1       1       0   .abs_section_1816
     _DBGT                                     1817       1       1       0   .abs_section_1817
     _DBGS                                     1818       1       1       0   .abs_section_1818
     _FCDIV                                    1820       1       1       0   .abs_section_1820
     _FOPT                                     1821       1       1       0   .abs_section_1821
     _FCNFG                                    1823       1       1       0   .abs_section_1823
     _FPROT                                    1824       1       1       0   .abs_section_1824
     _FSTAT                                    1825       1       1       0   .abs_section_1825
     _FCMD                                     1826       1       1       0   .abs_section_1826
     _PTAPE                                    1840       1       1       0   .abs_section_1840
     _PTASE                                    1841       1       1       0   .abs_section_1841
     _PTADS                                    1842       1       1       0   .abs_section_1842
     _PTASC                                    1844       1       1       2   .abs_section_1844
     _PTAPS                                    1845       1       1       1   .abs_section_1845
     _PTAES                                    1846       1       1       1   .abs_section_1846
     _PTBPE                                    1848       1       1       0   .abs_section_1848
     _PTBSE                                    1849       1       1       0   .abs_section_1849
     _PTBDS                                    184A       1       1       0   .abs_section_184a
     _PTBSC                                    184C       1       1       0   .abs_section_184c
     _PTBPS                                    184D       1       1       0   .abs_section_184d
     _PTBES                                    184E       1       1       0   .abs_section_184e
     _PTCPE                                    1850       1       1       0   .abs_section_1850
     _PTCSE                                    1851       1       1       0   .abs_section_1851
     _PTCDS                                    1852       1       1       0   .abs_section_1852
     _GNGC                                     1853       1       1       0   .abs_section_1853
     _ADCR                                       12       2       2       0   .abs_section_12
     _ADCCV                                      14       2       2       0   .abs_section_14
     _TPM1CNT                                    21       2       2       0   .abs_section_21
     _TPM1MOD                                    23       2       2       0   .abs_section_23
     _TPM1C0V                                    26       2       2       0   .abs_section_26
     _TPM1C1V                                    29       2       2       0   .abs_section_29
     _SCIBD                                      38       2       2       1   .abs_section_38
     _TPM2CNT                                    61       2       2       0   .abs_section_61
     _TPM2MOD                                    63       2       2       0   .abs_section_63
     _TPM2C0V                                    66       2       2       0   .abs_section_66
     _TPM2C1V                                    69       2       2       0   .abs_section_69
     _SDID                                     1806       2       2       0   .abs_section_1806
     _DBGCA                                    1810       2       2       0   .abs_section_1810
     _DBGCB                                    1812       2       2       0   .abs_section_1812
     _DBGF                                     1814       2       2       0   .abs_section_1814

*********************************************************************************************
MODULE STATISTIC
  Name                                      Data   Code  Const
---------------------------------------------------------------------------------------------
  SCI_c.obj                                    4    105      4
  keyboard_c.obj                               6    271     12
  main_c.obj                                   7    694    380
  start08_c.obj                                0    132      0
  mc9s08sh8_c.obj                            108      0      0
  other                                       64     16     13

*********************************************************************************************
SECTION USE IN OBJECT-ALLOCATION SECTION
---------------------------------------------------------------------------------------------
SECTION: ".text"
  InitSCI PutSCI SCI_TXisr SCI_RXisr GetKEY PushKEY TicKEY Init_Ports 
  InitTimer PortaIsr MTIMISR Motor_run Motor_stop main 
SECTION: ".data"
  key_press keyb_fila keyb_col cerrando tout sucess 
SECTION: ".bss"
  keyb_status.1 keyb_delay keyb_press PWRD_OK abriendo 
SECTION: ".init"
  loadByte Init _Startup 
SECTION: ".rodata"
  keyb_map codigo 
SECTION: ".rodata1"
  STRING.Abriendo.el.porton...2 STRING.El.porton.esta.abier.3 
  STRING.Porton.cerrado..ingr.4 STRING.Porton.Abierto..espe.5 
  STRING.El.porton.se.cerrara.6 STRING.El.porton.se.cerrara.7 
  STRING.El.porton.se.cerrara.8 STRING.Cerrando...9 
  STRING.Porton.cerrado..ingr.10 STRING...11 STRING...12 STRING...13 
  STRING.....14 STRING.Password.incorrecto..15 STRING.Reingrese.el.Passwor.16 
  STRING.Password.correcto...17 STRING.Abriendo.el.porton...18 
SECTION: ".abs_section_ffda"
  _Vector_18 
SECTION: ".abs_section_ffdc"
  _Vector_17 
SECTION: ".common"
  buffer_tx cant_tx rx_byte 
SECTION: ".abs_section_ffd6"
  _Vector_20 
SECTION: ".abs_section_ffca"
  _Vector_26 
SECTION: ".abs_section_0"
  _PTAD 
SECTION: ".abs_section_1"
  _PTADD 
SECTION: ".abs_section_2"
  _PTBD 
SECTION: ".abs_section_3"
  _PTBDD 
SECTION: ".abs_section_4"
  _PTCD 
SECTION: ".abs_section_5"
  _PTCDD 
SECTION: ".abs_section_e"
  _ACMPSC 
SECTION: ".abs_section_10"
  _ADCSC1 
SECTION: ".abs_section_11"
  _ADCSC2 
SECTION: ".abs_section_16"
  _ADCCFG 
SECTION: ".abs_section_17"
  _APCTL1 
SECTION: ".abs_section_18"
  _APCTL2 
SECTION: ".abs_section_1a"
  _IRQSC 
SECTION: ".abs_section_1c"
  _MTIMSC 
SECTION: ".abs_section_1d"
  _MTIMCLK 
SECTION: ".abs_section_1e"
  _MTIMCNT 
SECTION: ".abs_section_1f"
  _MTIMMOD 
SECTION: ".abs_section_20"
  _TPM1SC 
SECTION: ".abs_section_25"
  _TPM1C0SC 
SECTION: ".abs_section_28"
  _TPM1C1SC 
SECTION: ".abs_section_3a"
  _SCIC1 
SECTION: ".abs_section_3b"
  _SCIC2 
SECTION: ".abs_section_3c"
  _SCIS1 
SECTION: ".abs_section_3d"
  _SCIS2 
SECTION: ".abs_section_3e"
  _SCIC3 
SECTION: ".abs_section_3f"
  _SCID 
SECTION: ".abs_section_48"
  _ICSC1 
SECTION: ".abs_section_49"
  _ICSC2 
SECTION: ".abs_section_4a"
  _ICSTRM 
SECTION: ".abs_section_4b"
  _ICSSC 
SECTION: ".abs_section_50"
  _SPIC1 
SECTION: ".abs_section_51"
  _SPIC2 
SECTION: ".abs_section_52"
  _SPIBR 
SECTION: ".abs_section_53"
  _SPIS 
SECTION: ".abs_section_55"
  _SPID 
SECTION: ".abs_section_58"
  _IICA 
SECTION: ".abs_section_59"
  _IICF 
SECTION: ".abs_section_5a"
  _IICC1 
SECTION: ".abs_section_5b"
  _IICS 
SECTION: ".abs_section_5c"
  _IICD 
SECTION: ".abs_section_5d"
  _IICC2 
SECTION: ".abs_section_60"
  _TPM2SC 
SECTION: ".abs_section_65"
  _TPM2C0SC 
SECTION: ".abs_section_68"
  _TPM2C1SC 
SECTION: ".abs_section_6c"
  _RTCSC 
SECTION: ".abs_section_6d"
  _RTCCNT 
SECTION: ".abs_section_6e"
  _RTCMOD 
SECTION: ".abs_section_1800"
  _SRS 
SECTION: ".abs_section_1801"
  _SBDFR 
SECTION: ".abs_section_1802"
  _SOPT1 
SECTION: ".abs_section_1803"
  _SOPT2 
SECTION: ".abs_section_1809"
  _SPMSC1 
SECTION: ".abs_section_180a"
  _SPMSC2 
SECTION: ".abs_section_1816"
  _DBGC 
SECTION: ".abs_section_1817"
  _DBGT 
SECTION: ".abs_section_1818"
  _DBGS 
SECTION: ".abs_section_1820"
  _FCDIV 
SECTION: ".abs_section_1821"
  _FOPT 
SECTION: ".abs_section_1823"
  _FCNFG 
SECTION: ".abs_section_1824"
  _FPROT 
SECTION: ".abs_section_1825"
  _FSTAT 
SECTION: ".abs_section_1826"
  _FCMD 
SECTION: ".abs_section_1840"
  _PTAPE 
SECTION: ".abs_section_1841"
  _PTASE 
SECTION: ".abs_section_1842"
  _PTADS 
SECTION: ".abs_section_1844"
  _PTASC 
SECTION: ".abs_section_1845"
  _PTAPS 
SECTION: ".abs_section_1846"
  _PTAES 
SECTION: ".abs_section_1848"
  _PTBPE 
SECTION: ".abs_section_1849"
  _PTBSE 
SECTION: ".abs_section_184a"
  _PTBDS 
SECTION: ".abs_section_184c"
  _PTBSC 
SECTION: ".abs_section_184d"
  _PTBPS 
SECTION: ".abs_section_184e"
  _PTBES 
SECTION: ".abs_section_1850"
  _PTCPE 
SECTION: ".abs_section_1851"
  _PTCSE 
SECTION: ".abs_section_1852"
  _PTCDS 
SECTION: ".abs_section_1853"
  _GNGC 
SECTION: ".abs_section_12"
  _ADCR 
SECTION: ".abs_section_14"
  _ADCCV 
SECTION: ".abs_section_21"
  _TPM1CNT 
SECTION: ".abs_section_23"
  _TPM1MOD 
SECTION: ".abs_section_26"
  _TPM1C0V 
SECTION: ".abs_section_29"
  _TPM1C1V 
SECTION: ".abs_section_38"
  _SCIBD 
SECTION: ".abs_section_61"
  _TPM2CNT 
SECTION: ".abs_section_63"
  _TPM2MOD 
SECTION: ".abs_section_66"
  _TPM2C0V 
SECTION: ".abs_section_69"
  _TPM2C1V 
SECTION: ".abs_section_1806"
  _SDID 
SECTION: ".abs_section_1810"
  _DBGCA 
SECTION: ".abs_section_1812"
  _DBGCB 
SECTION: ".abs_section_1814"
  _DBGF 

*********************************************************************************************
OBJECT LIST SORTED BY ADDRESS
     Name                                      Addr   hSize   dSize     Ref    Section   RLIB
---------------------------------------------------------------------------------------------
     _PTAD                                        0       1       1      10   .abs_section_0
     _PTADD                                       1       1       1       2   .abs_section_1
     _PTBD                                        2       1       1      13   .abs_section_2
     _PTBDD                                       3       1       1       3   .abs_section_3
     _PTCD                                        4       1       1       2   .abs_section_4
     _PTCDD                                       5       1       1       1   .abs_section_5
     _ACMPSC                                      E       1       1       0   .abs_section_e
     _ADCSC1                                     10       1       1       0   .abs_section_10
     _ADCSC2                                     11       1       1       0   .abs_section_11
     _ADCR                                       12       2       2       0   .abs_section_12
     _ADCCV                                      14       2       2       0   .abs_section_14
     _ADCCFG                                     16       1       1       0   .abs_section_16
     _APCTL1                                     17       1       1       0   .abs_section_17
     _APCTL2                                     18       1       1       0   .abs_section_18
     _IRQSC                                      1A       1       1       0   .abs_section_1a
     _MTIMSC                                     1C       1       1      10   .abs_section_1c
     _MTIMCLK                                    1D       1       1       1   .abs_section_1d
     _MTIMCNT                                    1E       1       1       0   .abs_section_1e
     _MTIMMOD                                    1F       1       1       1   .abs_section_1f
     _TPM1SC                                     20       1       1       0   .abs_section_20
     _TPM1CNT                                    21       2       2       0   .abs_section_21
     _TPM1MOD                                    23       2       2       0   .abs_section_23
     _TPM1C0SC                                   25       1       1       0   .abs_section_25
     _TPM1C0V                                    26       2       2       0   .abs_section_26
     _TPM1C1SC                                   28       1       1       0   .abs_section_28
     _TPM1C1V                                    29       2       2       0   .abs_section_29
     _SCIBD                                      38       2       2       1   .abs_section_38
     _SCIC1                                      3A       1       1       1   .abs_section_3a
     _SCIC2                                      3B       1       1       5   .abs_section_3b
     _SCIS1                                      3C       1       1       2   .abs_section_3c
     _SCIS2                                      3D       1       1       0   .abs_section_3d
     _SCIC3                                      3E       1       1       1   .abs_section_3e
     _SCID                                       3F       1       1       2   .abs_section_3f
     _ICSC1                                      48       1       1       0   .abs_section_48
     _ICSC2                                      49       1       1       0   .abs_section_49
     _ICSTRM                                     4A       1       1       0   .abs_section_4a
     _ICSSC                                      4B       1       1       0   .abs_section_4b
     _SPIC1                                      50       1       1       0   .abs_section_50
     _SPIC2                                      51       1       1       0   .abs_section_51
     _SPIBR                                      52       1       1       0   .abs_section_52
     _SPIS                                       53       1       1       0   .abs_section_53
     _SPID                                       55       1       1       0   .abs_section_55
     _IICA                                       58       1       1       0   .abs_section_58
     _IICF                                       59       1       1       0   .abs_section_59
     _IICC1                                      5A       1       1       0   .abs_section_5a
     _IICS                                       5B       1       1       0   .abs_section_5b
     _IICD                                       5C       1       1       0   .abs_section_5c
     _IICC2                                      5D       1       1       0   .abs_section_5d
     _TPM2SC                                     60       1       1       0   .abs_section_60
     _TPM2CNT                                    61       2       2       0   .abs_section_61
     _TPM2MOD                                    63       2       2       0   .abs_section_63
     _TPM2C0SC                                   65       1       1       0   .abs_section_65
     _TPM2C0V                                    66       2       2       0   .abs_section_66
     _TPM2C1SC                                   68       1       1       0   .abs_section_68
     _TPM2C1V                                    69       2       2       0   .abs_section_69
     _RTCSC                                      6C       1       1       0   .abs_section_6c
     _RTCCNT                                     6D       1       1       0   .abs_section_6d
     _RTCMOD                                     6E       1       1       0   .abs_section_6e
     key_press                                  100       1       1       7   .data       
     keyb_fila                                  101       1       1       7   .data       
     keyb_col                                   102       1       1       6   .data       
     cerrando                                   103       1       1       4   .data       
     tout                                       104       2       2       4   .data       
     sucess                                     106       1       1       4   .data       
     keyb_status.1                              107       1       1       2   .bss        
     keyb_delay                                 108       1       1       6   .bss        
     keyb_press                                 109       1       1       3   .bss        
     PWRD_OK                                    10A       2       2       4   .bss        
     abriendo                                   10C       1       1       3   .bss        
     buffer_tx                                  10D       2       2       3   .common     
     cant_tx                                    10F       1       1       4   .common     
     rx_byte                                    110       1       1       1   .common     
     _SRS                                      1800       1       1       1   .abs_section_1800
     _SBDFR                                    1801       1       1       0   .abs_section_1801
     _SOPT1                                    1802       1       1       0   .abs_section_1802
     _SOPT2                                    1803       1       1       0   .abs_section_1803
     _SDID                                     1806       2       2       0   .abs_section_1806
     _SPMSC1                                   1809       1       1       0   .abs_section_1809
     _SPMSC2                                   180A       1       1       0   .abs_section_180a
     _DBGCA                                    1810       2       2       0   .abs_section_1810
     _DBGCB                                    1812       2       2       0   .abs_section_1812
     _DBGF                                     1814       2       2       0   .abs_section_1814
     _DBGC                                     1816       1       1       0   .abs_section_1816
     _DBGT                                     1817       1       1       0   .abs_section_1817
     _DBGS                                     1818       1       1       0   .abs_section_1818
     _FCDIV                                    1820       1       1       0   .abs_section_1820
     _FOPT                                     1821       1       1       0   .abs_section_1821
     _FCNFG                                    1823       1       1       0   .abs_section_1823
     _FPROT                                    1824       1       1       0   .abs_section_1824
     _FSTAT                                    1825       1       1       0   .abs_section_1825
     _FCMD                                     1826       1       1       0   .abs_section_1826
     _PTAPE                                    1840       1       1       0   .abs_section_1840
     _PTASE                                    1841       1       1       0   .abs_section_1841
     _PTADS                                    1842       1       1       0   .abs_section_1842
     _PTASC                                    1844       1       1       2   .abs_section_1844
     _PTAPS                                    1845       1       1       1   .abs_section_1845
     _PTAES                                    1846       1       1       1   .abs_section_1846
     _PTBPE                                    1848       1       1       0   .abs_section_1848
     _PTBSE                                    1849       1       1       0   .abs_section_1849
     _PTBDS                                    184A       1       1       0   .abs_section_184a
     _PTBSC                                    184C       1       1       0   .abs_section_184c
     _PTBPS                                    184D       1       1       0   .abs_section_184d
     _PTBES                                    184E       1       1       0   .abs_section_184e
     _PTCPE                                    1850       1       1       0   .abs_section_1850
     _PTCSE                                    1851       1       1       0   .abs_section_1851
     _PTCDS                                    1852       1       1       0   .abs_section_1852
     _GNGC                                     1853       1       1       0   .abs_section_1853
     loadByte                                  E000       E      14       5   .init       
     Init                                      E00E      6D     109       1   .init       
     _Startup                                  E07B       9       9       0   .init       
     keyb_map                                  E092       C      12       1   .rodata     
     codigo                                    E09E       5       5       1   .rodata     
     STRING.Abriendo.el.porton...2             E0A3      15      21       1   .rodata1    
     STRING.El.porton.esta.abier.3             E0B8      24      36       1   .rodata1    
     STRING.Porton.cerrado..ingr.4             E0DC      24      36       1   .rodata1    
     STRING.Porton.Abierto..espe.5             E100      1F      31       1   .rodata1    
     STRING.El.porton.se.cerrara.6             E11F      22      34       1   .rodata1    
     STRING.El.porton.se.cerrara.7             E141      22      34       1   .rodata1    
     STRING.El.porton.se.cerrara.8             E163      22      34       1   .rodata1    
     STRING.Cerrando...9                       E185       B      11       1   .rodata1    
     STRING.Porton.cerrado..ingr.10            E190      24      36       1   .rodata1    
     STRING...11                               E1B4       2       2       1   .rodata1    
     STRING...12                               E1B6       2       2       1   .rodata1    
     STRING...13                               E1B8       2       2       1   .rodata1    
     STRING.....14                             E1BA       4       4       1   .rodata1    
     STRING.Password.incorrecto..15            E1BE      16      22       1   .rodata1    
     STRING.Reingrese.el.Passwor.16            E1D4      19      25       1   .rodata1    
     STRING.Password.correcto...17             E1ED      14      20       1   .rodata1    
     STRING.Abriendo.el.porton...18            E201      15      21       1   .rodata1    
     InitSCI                                   E216       F      15       1   .text       
     PutSCI                                    E225      30      48       3   .text       
     SCI_TXisr                                 E255      20      32       1   .text       
     SCI_RXisr                                 E275       A      10       1   .text       
     GetKEY                                    E27F      FF     255       6   .text       
     PushKEY                                   E37E       6       6       1   .text       
     TicKEY                                    E384       A      10       1   .text       
     Init_Ports                                E38E      31      49       1   .text       
     InitTimer                                 E3BF      11      17       1   .text       
     PortaIsr                                  E3D0       D      13       1   .text       
     MTIMISR                                   E3DD      14      20       1   .text       
     Motor_run                                 E3F1      13      19       3   .text       
     Motor_stop                                E404       5       5       3   .text       
     main                                      E409     23B     571      22   .text       
     _Vector_26                                FFCA       2       2       0   .abs_section_ffca
     _Vector_20                                FFD6       2       2       0   .abs_section_ffd6
     _Vector_18                                FFDA       2       2       0   .abs_section_ffda
     _Vector_17                                FFDC       2       2       0   .abs_section_ffdc

*********************************************************************************************
UNUSED-OBJECTS SECTION
---------------------------------------------------------------------------------------------
NOT USED VARIABLES
SCI_c.obj:
  tx_buffer status 

*********************************************************************************************
COPYDOWN SECTION
---------------------------------------------------------------------------------------------
------- ROM-ADDRESS: 0xE644 ---- SIZE       4 ---
Filling bytes inserted
 00070100
------- ROM-ADDRESS: 0xE648 ---- RAM-ADDRESS: 0x100 ---- SIZE       1 ---
Name of initialized Object : key_press
 FF
------- ROM-ADDRESS: 0xE649 ---- RAM-ADDRESS: 0x101 ---- SIZE       1 ---
Name of initialized Object : keyb_fila
 FF
------- ROM-ADDRESS: 0xE64A ---- RAM-ADDRESS: 0x102 ---- SIZE       1 ---
Name of initialized Object : keyb_col
 FF
------- ROM-ADDRESS: 0xE64B ---- RAM-ADDRESS: 0x103 ---- SIZE       1 ---
Name of initialized Object : cerrando
 01
------- ROM-ADDRESS: 0xE64C ---- RAM-ADDRESS: 0x104 ---- SIZE       2 ---
Name of initialized Object : tout
 07D0
------- ROM-ADDRESS: 0xE64E ---- RAM-ADDRESS: 0x106 ---- SIZE       1 ---
Name of initialized Object : sucess
 01
------- ROM-ADDRESS: 0xE64F ---- SIZE       2 ---
Filling bytes inserted
 0000

*********************************************************************************************
OBJECT-DEPENDENCIES SECTION
---------------------------------------------------------------------------------------------
Init                      USES _startupData loadByte 
_Startup                  USES __SEG_END_SSTACK Init main 
InitSCI                   USES _SCIBD _SCIC1 _SCIC2 _SCIC3 
PutSCI                    USES _SCIC2 buffer_tx cant_tx 
SCI_TXisr                 USES _SCIS1 cant_tx buffer_tx _SCID _SCIC2 
SCI_RXisr                 USES _SCIS1 _SCID rx_byte 
GetKEY                    USES keyb_status.1 keyb_press GetKEY keyb_delay 
                                _PTAD keyb_fila _PTCD keyb_col _PTBD keyb_map 
                                key_press 
PushKEY                   USES keyb_press 
TicKEY                    USES keyb_delay 
Init_Ports                USES _PTBD _PTBDD _PTCDD _PTAD _PTADD _PTAES _PTAPS 
                                _PTASC 
InitTimer                 USES _MTIMSC _MTIMCLK _MTIMMOD 
PortaIsr                  USES _PTASC PushKEY 
MTIMISR                   USES _MTIMSC tout TicKEY 
Motor_run                 USES _PTBD 
Motor_stop                USES _PTBD 
main                      USES Init_Ports InitSCI InitTimer Motor_stop main 
                                STRING.Abriendo.el.porton...2 cerrando Motor_run 
                                STRING.El.porton.esta.abier.3 sucess STRING.Porton.cerrado..ingr.4 PutSCI 
                                abriendo _MTIMSC STRING.Porton.Abierto..espe.5 tout 
                                STRING.El.porton.se.cerrara.6 STRING.El.porton.se.cerrara.7 
                                STRING.El.porton.se.cerrara.8 STRING.Cerrando...9 
                                STRING.Porton.cerrado..ingr.10 GetKEY key_press STRING...11 STRING...12 
                                STRING...13 STRING.....14 codigo 
                                STRING.Password.incorrecto..15 STRING.Reingrese.el.Passwor.16 PWRD_OK 
                                STRING.Password.correcto...17 STRING.Abriendo.el.porton...18 _SRS 
_Vector_26                USES MTIMISR 
_Vector_20                USES PortaIsr 
_Vector_18                USES SCI_TXisr 
_Vector_17                USES SCI_RXisr 

*********************************************************************************************
DEPENDENCY TREE
*********************************************************************************************
 main and _Startup Group
 | 
 +- main                
 |  | 
 |  +- Init_Ports          
 |  |    
 |  +- InitSCI             
 |  |    
 |  +- InitTimer           
 |  |    
 |  +- Motor_stop          
 |  |    
 |  +- Motor_run           
 |  |    
 |  +- PutSCI              
 |  |    
 |  +- GetKEY              
 |       
 +- _Startup            
    | 
    +- Init                
    |  | 
    |  +- loadByte            
    |       
    +- main                 (see above)
       
 _Vector_18          
 | 
 +- SCI_TXisr           
      
 _Vector_17          
 | 
 +- SCI_RXisr           
      
 _Vector_20          
 | 
 +- PortaIsr            
    | 
    +- PushKEY             
         
 _Vector_26          
 | 
 +- MTIMISR             
    | 
    +- TicKEY              
         
*********************************************************************************************
STATISTIC SECTION
---------------------------------------------------------------------------------------------

ExeFile:
--------
Number of blocks to be downloaded: 10
Total size of all blocks to be downloaded: 1627

